
> desarrollo_aplicaciones_front@0.0.0 test:ci
> vitest run --coverage --exclude e2e/**


[1m[46m RUN [49m[22m [36mv3.2.4 [39m[90mC:/Users/juamb/Desktop/Front/desarrollo_aplicaciones_front[39m
      [2mCoverage enabled with [22m[33mv8[39m

 [32mÔ£ô[39m src/tests/GatewayCardModal.test.jsx [2m([22m[2m1 test[22m[2m)[22m[33m 657[2mms[22m[39m
   [33m[2mÔ£ô[22m[39m Gateway Card Modal[2m > [22mabre modal de tarjeta, completa datos y muestra m├íscara [33m 653[2mms[22m[39m
 [32mÔ£ô[39m src/tests/Gateway.basic.test.jsx [2m([22m[2m2 tests[22m[2m)[22m[33m 653[2mms[22m[39m
   [33m[2mÔ£ô[22m[39m Gateway basic UI[2m > [22mrenders resumen from location state and enables pay when method selected [33m 460[2mms[22m[39m
 [32mÔ£ô[39m src/tests/PagosListaPrestadorFilter.test.jsx [2m([22m[2m1 test[22m[2m)[22m[33m 574[2mms[22m[39m
   [33m[2mÔ£ô[22m[39m PagosLista filtro por prestador[2m > [22mfiltra la lista por nombre de prestador [33m 567[2mms[22m[39m
 [32mÔ£ô[39m src/tests/PagosLista.branches.test.jsx [2m([22m[2m2 tests[22m[2m)[22m[33m 691[2mms[22m[39m
   [33m[2mÔ£ô[22m[39m PagosLista branches and export[2m > [22mrenders mapped method and status and shows Pagar for Pendiente de Pago [33m 500[2mms[22m[39m
 [32mÔ£ô[39m src/tests/PagosLista.roles.test.jsx [2m([22m[2m1 test[22m[2m)[22m[33m 699[2mms[22m[39m
   [33m[2mÔ£ô[22m[39m PagosLista Ver Factura role branches[2m > [22mADMIN sees cliente and prestador from API in generated factura [33m 694[2mms[22m[39m
 [32mÔ£ô[39m src/tests/PagosLista.buttons.test.jsx [2m([22m[2m1 test[22m[2m)[22m[33m 803[2mms[22m[39m
   [33m[2mÔ£ô[22m[39m PagosLista action buttons by status[2m > [22mshows Pagar, Ver Factura, Reintentar or no-action depending on estado [33m 798[2mms[22m[39m
 [32mÔ£ô[39m src/tests/PagosLista.fetch.test.jsx [2m([22m[2m2 tests[22m[2m)[22m[33m 828[2mms[22m[39m
   [33m[2mÔ£ô[22m[39m PagosLista fetch and render[2m > [22mrenders a payment row after fetch [33m 438[2mms[22m[39m
   [33m[2mÔ£ô[22m[39m PagosLista fetch and render[2m > [22mlogout clears localStorage [33m 385[2mms[22m[39m
 [32mÔ£ô[39m src/tests/Gateway.purchase.test.jsx [2m([22m[2m3 tests[22m[2m)[22m[33m 1186[2mms[22m[39m
   [33m[2mÔ£ô[22m[39m Gateway purchase flows[2m > [22mMercadoPago purchase succeeds and navigates to /pagos [33m 543[2mms[22m[39m
   [33m[2mÔ£ô[22m[39m Gateway purchase flows[2m > [22mCard purchase: open modal, fill card, continue and confirm success [33m 448[2mms[22m[39m
 [32mÔ£ô[39m src/tests/PagosLista.filters2.test.jsx [2m([22m[2m2 tests[22m[2m)[22m[33m 1253[2mms[22m[39m
   [33m[2mÔ£ô[22m[39m PagosLista filters, date range and reset[2m > [22msearch query filters rows and reset restores state [33m 824[2mms[22m[39m
   [33m[2mÔ£ô[22m[39m PagosLista filters, date range and reset[2m > [22mchip filtering and date range filter work [33m 421[2mms[22m[39m
 [32mÔ£ô[39m src/tests/PagosLista.more.test.jsx [2m([22m[2m4 tests[22m[2m)[22m[33m 1370[2mms[22m[39m
   [33m[2mÔ£ô[22m[39m PagosLista additional branches[2m > [22mshows Pagar button for Pendiente de Pago [33m 359[2mms[22m[39m
   [33m[2mÔ£ô[22m[39m PagosLista additional branches[2m > [22mkebab menu shows Ver factura for Aprobado and Ver pago [33m 599[2mms[22m[39m
 [32mÔ£ô[39m src/tests/PagosLista.more2.test.jsx [2m([22m[2m4 tests[22m[2m)[22m[33m 1522[2mms[22m[39m
   [33m[2mÔ£ô[22m[39m PagosLista extra branches[2m > [22mPendiente chip groups include PENDING and PENDING_PAYMENT [33m 553[2mms[22m[39m
   [33m[2mÔ£ô[22m[39m PagosLista extra branches[2m > [22mMetodo select filters by Tarjeta cr├®dito [33m 419[2mms[22m[39m
   [33m[2mÔ£ô[22m[39m PagosLista extra branches[2m > [22mclick Ver factura opens FacturaPreview [33m 432[2mms[22m[39m
 [32mÔ£ô[39m src/tests/PagosDetalle.refunds.test.jsx [2m([22m[2m2 tests[22m[2m)[22m[33m 362[2mms[22m[39m
npm : [90mstderr[2m | src/tests/PagosDetalleTimeline.test.jsx[2m > [22m[2mPagosDetalle timeline[2m > [22m[2mmuestra el timeline de eventos si hay datos
En línea: 1 Carácter: 1
+ npm run test:ci > test_output.txt 2>&1; Get-Content test_output.txt | ...
+ ~~~~~~~~~~~~~~~~~~~~~~~~~~~~~~~~~~~~~~
    + CategoryInfo          : NotSpecified: ([90mstderr[2m...os si hay datos:String) [], RemoteException
    + FullyQualifiedErrorId : NativeCommandError
 
[22m[39mEach child in a list should have a unique "key" prop.

Check the render method of `PagosDetalle`. See https://react.dev/link/warning-keys for more information.

 [32mÔ£ô[39m src/tests/FacturaPreview.test.jsx [2m([22m[2m2 tests[22m[2m)[22m[33m 395[2mms[22m[39m
 [32mÔ£ô[39m src/tests/Login.test.jsx [2m([22m[2m3 tests[22m[2m)[22m[33m 466[2mms[22m[39m
 [32mÔ£ô[39m src/tests/LoginError.test.jsx [2m([22m[2m1 test[22m[2m)[22m[33m 390[2mms[22m[39m
   [33m[2mÔ£ô[22m[39m Login error[2m > [22mmuestra error de credenciales inv├ílidas [33m 385[2mms[22m[39m
 [32mÔ£ô[39m src/tests/PagosLista.export.test.jsx [2m([22m[2m1 test[22m[2m)[22m[33m 389[2mms[22m[39m
   [33m[2mÔ£ô[22m[39m PagosLista export CSV[2m > [22mclicking Exportar CSV triggers createObjectURL, click and revoke [33m 384[2mms[22m[39m
 [32mÔ£ô[39m src/tests/PagosDetalleTimeline.test.jsx [2m([22m[2m1 test[22m[2m)[22m[32m 278[2mms[22m[39m
[90mstderr[2m | src/tests/PagosListaFilters.test.jsx[2m > [22m[2mPagosLista filtros[2m > [22m[2mpuede cambiar el filtro de m├®todo de pago
[22m[39mAn update to PagosLista inside a test was not wrapped in act(...).

When testing, code that causes React state updates should be wrapped into act(...):

act(() => {
  /* fire events that update state */
});
/* assert on the output */

This ensures that you're testing the behavior the user would see in the browser. Learn more at https://react.dev/link/wrap-tests-with-act
An update to PagosLista inside a test was not wrapped in act(...).

When testing, code that causes React state updates should be wrapped into act(...):

act(() => {
  /* fire events that update state */
});
/* assert on the output */

This ensures that you're testing the behavior the user would see in the browser. Learn more at https://react.dev/link/wrap-tests-with-act
An update to PagosLista inside a test was not wrapped in act(...).

When testing, code that causes React state updates should be wrapped into act(...):

act(() => {
  /* fire events that update state */
});
/* assert on the output */

This ensures that you're testing the behavior the user would see in the browser. Learn more at https://react.dev/link/wrap-tests-with-act

[90mstderr[2m | src/tests/PagosListaFilters.test.jsx[2m > [22m[2mPagosLista filtros[2m > [22m[2mpuede cambiar el filtro de fecha
[22m[39mAn update to PagosLista inside a test was not wrapped in act(...).

When testing, code that causes React state updates should be wrapped into act(...):

act(() => {
  /* fire events that update state */
});
/* assert on the output */

This ensures that you're testing the behavior the user would see in the browser. Learn more at https://react.dev/link/wrap-tests-with-act
An update to PagosLista inside a test was not wrapped in act(...).

When testing, code that causes React state updates should be wrapped into act(...):

act(() => {
  /* fire events that update state */
});
/* assert on the output */

This ensures that you're testing the behavior the user would see in the browser. Learn more at https://react.dev/link/wrap-tests-with-act
An update to PagosLista inside a test was not wrapped in act(...).

When testing, code that causes React state updates should be wrapped into act(...):

act(() => {
  /* fire events that update state */
});
/* assert on the output */

This ensures that you're testing the behavior the user would see in the browser. Learn more at https://react.dev/link/wrap-tests-with-act

[90mstderr[2m | src/tests/Gateway.test.jsx[2m > [22m[2mGateway[2m > [22m[2mrenderiza el t├¡tulo y bot├│n de volver
[22m[39mAn update to Gateway inside a test was not wrapped in act(...).

When testing, code that causes React state updates should be wrapped into act(...):

act(() => {
  /* fire events that update state */
});
/* assert on the output */

This ensures that you're testing the behavior the user would see in the browser. Learn more at https://react.dev/link/wrap-tests-with-act
An update to Gateway inside a test was not wrapped in act(...).

When testing, code that causes React state updates should be wrapped into act(...):

act(() => {
  /* fire events that update state */
});
/* assert on the output */

This ensures that you're testing the behavior the user would see in the browser. Learn more at https://react.dev/link/wrap-tests-with-act

 [32mÔ£ô[39m src/tests/PagosListaRow.test.jsx [2m([22m[2m1 test[22m[2m)[22m[33m 396[2mms[22m[39m
   [33m[2mÔ£ô[22m[39m PagosLista row rendering[2m > [22mmuestra un pago devuelto por la API [33m 391[2mms[22m[39m
[90mstderr[2m | src/tests/Gateway.test.jsx[2m > [22m[2mGateway[2m > [22m[2mmuestra opciones de m├®todo de pago
[22m[39mAn update to Gateway inside a test was not wrapped in act(...).

When testing, code that causes React state updates should be wrapped into act(...):

act(() => {
  /* fire events that update state */
});
/* assert on the output */

This ensures that you're testing the behavior the user would see in the browser. Learn more at https://react.dev/link/wrap-tests-with-act
An update to Gateway inside a test was not wrapped in act(...).

When testing, code that causes React state updates should be wrapped into act(...):

act(() => {
  /* fire events that update state */
});
/* assert on the output */

This ensures that you're testing the behavior the user would see in the browser. Learn more at https://react.dev/link/wrap-tests-with-act

 [32mÔ£ô[39m src/tests/PagosListaFilters.test.jsx [2m([22m[2m2 tests[22m[2m)[22m[33m 360[2mms[22m[39m
[90mstderr[2m | src/tests/PagosLista.test.jsx[2m > [22m[2mPagosLista[2m > [22m[2mrenderiza correctamente el nombre de usuario por defecto
[22m[39mAn update to PagosLista inside a test was not wrapped in act(...).

When testing, code that causes React state updates should be wrapped into act(...):

act(() => {
  /* fire events that update state */
});
/* assert on the output */

This ensures that you're testing the behavior the user would see in the browser. Learn more at https://react.dev/link/wrap-tests-with-act
An update to PagosLista inside a test was not wrapped in act(...).

When testing, code that causes React state updates should be wrapped into act(...):

act(() => {
  /* fire events that update state */
});
/* assert on the output */

This ensures that you're testing the behavior the user would see in the browser. Learn more at https://react.dev/link/wrap-tests-with-act
An update to PagosLista inside a test was not wrapped in act(...).

When testing, code that causes React state updates should be wrapped into act(...):

act(() => {
  /* fire events that update state */
});
/* assert on the output */

This ensures that you're testing the behavior the user would see in the browser. Learn more at https://react.dev/link/wrap-tests-with-act

 [32mÔ£ô[39m src/tests/Gateway.test.jsx [2m([22m[2m2 tests[22m[2m)[22m[33m 389[2mms[22m[39m
   [33m[2mÔ£ô[22m[39m Gateway[2m > [22mrenderiza el t├¡tulo y bot├│n de volver [33m 320[2mms[22m[39m
 [32mÔ£ô[39m src/tests/PagosLista.test.jsx [2m([22m[2m1 test[22m[2m)[22m[32m 246[2mms[22m[39m
 [32mÔ£ô[39m src/tests/App.test.jsx [2m([22m[2m2 tests[22m[2m)[22m[33m 322[2mms[22m[39m
 [32mÔ£ô[39m src/tests/PagosDetalle.utils.test.jsx [2m([22m[2m1 test[22m[2m)[22m[32m 8[2mms[22m[39m
 [32mÔ£ô[39m src/tests/PagosDetalle.helpers.test.jsx [2m([22m[2m10 tests[22m[2m)[22m[32m 82[2mms[22m[39m
 [32mÔ£ô[39m src/tests/PagosDetalle.fetch.test.jsx [2m([22m[2m1 test[22m[2m)[22m[32m 295[2mms[22m[39m
 [32mÔ£ô[39m src/tests/PagosDetalleRefundPending.test.jsx [2m([22m[2m1 test[22m[2m)[22m[33m 347[2mms[22m[39m
   [33m[2mÔ£ô[22m[39m PagosDetalle basic fetch[2m > [22mrenders payment details and shows timeline empty state [33m 342[2mms[22m[39m
[90mstderr[2m | src/tests/PagosDetalle.test.jsx[2m > [22m[2mPagosDetalle[2m > [22m[2mrenderiza el componente y muestra el t├¡tulo
[22m[39mAn update to PagosDetalle inside a test was not wrapped in act(...).

When testing, code that causes React state updates should be wrapped into act(...):

act(() => {
  /* fire events that update state */
});
/* assert on the output */

This ensures that you're testing the behavior the user would see in the browser. Learn more at https://react.dev/link/wrap-tests-with-act
An update to PagosDetalle inside a test was not wrapped in act(...).

When testing, code that causes React state updates should be wrapped into act(...):

act(() => {
  /* fire events that update state */
});
/* assert on the output */

This ensures that you're testing the behavior the user would see in the browser. Learn more at https://react.dev/link/wrap-tests-with-act
An update to PagosDetalle inside a test was not wrapped in act(...).

When testing, code that causes React state updates should be wrapped into act(...):

act(() => {
  /* fire events that update state */
});
/* assert on the output */

This ensures that you're testing the behavior the user would see in the browser. Learn more at https://react.dev/link/wrap-tests-with-act
An update to PagosDetalle inside a test was not wrapped in act(...).

When testing, code that causes React state updates should be wrapped into act(...):

act(() => {
  /* fire events that update state */
});
/* assert on the output */

This ensures that you're testing the behavior the user would see in the browser. Learn more at https://react.dev/link/wrap-tests-with-act

[90mstderr[2m | src/tests/PagosListaExport.test.jsx[2m > [22m[2mPagosLista exportar CSV[2m > [22m[2mrenderiza el bot├│n de exportar CSV
[22m[39mAn update to PagosLista inside a test was not wrapped in act(...).

When testing, code that causes React state updates should be wrapped into act(...):

act(() => {
  /* fire events that update state */
});
/* assert on the output */

This ensures that you're testing the behavior the user would see in the browser. Learn more at https://react.dev/link/wrap-tests-with-act
An update to PagosLista inside a test was not wrapped in act(...).

When testing, code that causes React state updates should be wrapped into act(...):

act(() => {
  /* fire events that update state */
});
/* assert on the output */

This ensures that you're testing the behavior the user would see in the browser. Learn more at https://react.dev/link/wrap-tests-with-act

 [32mÔ£ô[39m src/tests/PagosDetalleError.test.jsx [2m([22m[2m1 test[22m[2m)[22m[32m 141[2mms[22m[39m
 [32mÔ£ô[39m src/tests/PagosDetalleRefundError.test.jsx [2m([22m[2m1 test[22m[2m)[22m[32m 299[2mms[22m[39m
 [32mÔ£ô[39m src/tests/PagosDetalle.branches.test.jsx [2m([22m[2m1 test[22m[2m)[22m[33m 330[2mms[22m[39m
   [33m[2mÔ£ô[22m[39m PagosDetalle timeline branches[2m > [22mrenders refund events and maps types & categories [33m 326[2mms[22m[39m
 [32mÔ£ô[39m src/tests/PagosDetalle.test.jsx [2m([22m[2m1 test[22m[2m)[22m[32m 115[2mms[22m[39m
 [32mÔ£ô[39m src/tests/PagosListaEmpty.test.jsx [2m([22m[2m1 test[22m[2m)[22m[33m 404[2mms[22m[39m
   [33m[2mÔ£ô[22m[39m PagosLista lista vac├¡a[2m > [22mmuestra mensaje de lista vac├¡a si no hay pagos [33m 396[2mms[22m[39m
 [32mÔ£ô[39m src/tests/PagosListaExport.test.jsx [2m([22m[2m1 test[22m[2m)[22m[32m 263[2mms[22m[39m
 [32mÔ£ô[39m src/tests/main.test.jsx [2m([22m[2m1 test[22m[2m)[22m[32m 9[2mms[22m[39m
 [32mÔ£ô[39m src/tests/PagosLista.utils.test.jsx [2m([22m[2m1 test[22m[2m)[22m[32m 4[2mms[22m[39m
 [32mÔ£ô[39m src/tests/smoke.test.jsx [2m([22m[2m1 test[22m[2m)[22m[32m 4[2mms[22m[39m

[2m Test Files [22m [1m[32m35 passed[39m[22m[90m (35)[39m
[2m      Tests [22m [1m[32m63 passed[39m[22m[90m (63)[39m
[2m   Start at [22m 16:14:59
[2m   Duration [22m 14.25s[2m (transform 1.59s, setup 0ms, collect 24.43s, tests 16.54s, environment 62.81s, prepare 12.97s)[22m

[34m % [39m[2mCoverage report from [22m[33mv8[39m
-------------------|---------|----------|---------|---------|-------------------
File               | % Stmts | % Branch | % Funcs | % Lines | Uncovered Line #s 
-------------------|---------|----------|---------|---------|-------------------
All files          |   88.12 |    72.77 |   77.14 |   88.12 |                   
 ...caciones_front |       0 |        0 |       0 |       0 |                   
  eslint.config.js |       0 |        0 |       0 |       0 | 1-33              
  vite.config.js   |       0 |        0 |       0 |       0 | 1-7               
  vitest.config.js |       0 |        0 |       0 |       0 | 1-21              
 ...ones_front/src |   31.16 |       50 |   33.33 |   31.16 |                   
  App.jsx          |     100 |      100 |      50 |     100 |                   
  main.jsx         |       0 |        0 |       0 |       0 | 1-70              
 ...src/components |     100 |       20 |     100 |     100 |                   
  ThemeToggle.jsx  |     100 |       20 |     100 |     100 | 10-13             
 ...nt/src/context |    86.2 |    85.71 |   66.66 |    86.2 |                   
  ThemeContext.jsx |    86.2 |    85.71 |   66.66 |    86.2 | 23-24,43-44       
 ...ront/src/views |   92.57 |     73.5 |   81.05 |   92.57 |                   
  ...raPreview.jsx |   97.61 |      100 |      75 |   97.61 | 10-11             
  Gateway.jsx      |      91 |    68.42 |   76.66 |      91 | ...51-553,558-561 
  Login.jsx        |    88.7 |     82.6 |     100 |    88.7 | 45-49,64-74       
  ...s-Detalle.jsx |   90.54 |    66.66 |   77.77 |   90.54 | ...94,597-605,609 
  Pagos-Lista.jsx  |   96.38 |    83.24 |   84.61 |   96.38 | ...67,596-597,723 
-------------------|---------|----------|---------|---------|-------------------
